Archive member included to satisfy reference by file (symbol)

c:/program files (x86)/gnu arm embedded toolchain/9 2020-q2-update/bin/../lib/gcc/arm-none-eabi/9.3.1/thumb/v7e-m+dp/hard\libgcc.a(_arm_addsubdf3.o)
                              ./fcapplication/sentence.o (__aeabi_l2d)
c:/program files (x86)/gnu arm embedded toolchain/9 2020-q2-update/bin/../lib/gcc/arm-none-eabi/9.3.1/thumb/v7e-m+dp/hard\libgcc.a(_aeabi_ldivmod.o)
                              ./fcapplication/stm32h7xx_hal_uart.o (__aeabi_ldivmod)
c:/program files (x86)/gnu arm embedded toolchain/9 2020-q2-update/bin/../lib/gcc/arm-none-eabi/9.3.1/thumb/v7e-m+dp/hard\libgcc.a(_aeabi_uldivmod.o)
                              ./fcapplication/oshooks.o (__aeabi_uldivmod)
c:/program files (x86)/gnu arm embedded toolchain/9 2020-q2-update/bin/../lib/gcc/arm-none-eabi/9.3.1/thumb/v7e-m+dp/hard\libgcc.a(_fixdfdi.o)
                              ./fcapplication/log.o (__aeabi_d2lz)
c:/program files (x86)/gnu arm embedded toolchain/9 2020-q2-update/bin/../lib/gcc/arm-none-eabi/9.3.1/thumb/v7e-m+dp/hard\libgcc.a(_fixunsdfdi.o)
                              c:/program files (x86)/gnu arm embedded toolchain/9 2020-q2-update/bin/../lib/gcc/arm-none-eabi/9.3.1/thumb/v7e-m+dp/hard\libgcc.a(_fixdfdi.o) (__aeabi_d2ulz)
c:/program files (x86)/gnu arm embedded toolchain/9 2020-q2-update/bin/../lib/gcc/arm-none-eabi/9.3.1/thumb/v7e-m+dp/hard\libgcc.a(_udivmoddi4.o)
                              c:/program files (x86)/gnu arm embedded toolchain/9 2020-q2-update/bin/../lib/gcc/arm-none-eabi/9.3.1/thumb/v7e-m+dp/hard\libgcc.a(_aeabi_ldivmod.o) (__udivmoddi4)
c:/program files (x86)/gnu arm embedded toolchain/9 2020-q2-update/bin/../lib/gcc/arm-none-eabi/9.3.1/thumb/v7e-m+dp/hard\libgcc.a(_dvmd_tls.o)
                              c:/program files (x86)/gnu arm embedded toolchain/9 2020-q2-update/bin/../lib/gcc/arm-none-eabi/9.3.1/thumb/v7e-m+dp/hard\libgcc.a(_aeabi_ldivmod.o) (__aeabi_ldiv0)
c:/program files (x86)/gnu arm embedded toolchain/9 2020-q2-update/bin/../lib/gcc/arm-none-eabi/9.3.1/../../../../arm-none-eabi/lib/thumb/v7e-m+dp/hard\libc.a(lib_a-atexit.o)
                              ./fcapplication/csphandler.o (atexit)
c:/program files (x86)/gnu arm embedded toolchain/9 2020-q2-update/bin/../lib/gcc/arm-none-eabi/9.3.1/../../../../arm-none-eabi/lib/thumb/v7e-m+dp/hard\libc.a(lib_a-atof.o)
                              ./fcapplication/sentence.o (atof)
c:/program files (x86)/gnu arm embedded toolchain/9 2020-q2-update/bin/../lib/gcc/arm-none-eabi/9.3.1/../../../../arm-none-eabi/lib/thumb/v7e-m+dp/hard\libc.a(lib_a-atoi.o)
                              ./fcapplication/sentence.o (atoi)
c:/program files (x86)/gnu arm embedded toolchain/9 2020-q2-update/bin/../lib/gcc/arm-none-eabi/9.3.1/../../../../arm-none-eabi/lib/thumb/v7e-m+dp/hard\libc.a(lib_a-exit.o)
                              c:/program files (x86)/gnu arm embedded toolchain/9 2020-q2-update/bin/../lib/gcc/arm-none-eabi/9.3.1/../../../../arm-none-eabi/lib/thumb/v7e-m+dp/hard/crt0.o (exit)
c:/program files (x86)/gnu arm embedded toolchain/9 2020-q2-update/bin/../lib/gcc/arm-none-eabi/9.3.1/../../../../arm-none-eabi/lib/thumb/v7e-m+dp/hard\libc.a(lib_a-impure.o)
                              c:/program files (x86)/gnu arm embedded toolchain/9 2020-q2-update/bin/../lib/gcc/arm-none-eabi/9.3.1/../../../../arm-none-eabi/lib/thumb/v7e-m+dp/hard\libc.a(lib_a-exit.o) (_global_impure_ptr)
c:/program files (x86)/gnu arm embedded toolchain/9 2020-q2-update/bin/../lib/gcc/arm-none-eabi/9.3.1/../../../../arm-none-eabi/lib/thumb/v7e-m+dp/hard\libc.a(lib_a-init.o)
                              c:/program files (x86)/gnu arm embedded toolchain/9 2020-q2-update/bin/../lib/gcc/arm-none-eabi/9.3.1/../../../../arm-none-eabi/lib/thumb/v7e-m+dp/hard/crt0.o (__libc_init_array)
c:/program files (x86)/gnu arm embedded toolchain/9 2020-q2-update/bin/../lib/gcc/arm-none-eabi/9.3.1/../../../../arm-none-eabi/lib/thumb/v7e-m+dp/hard\libc.a(lib_a-isalpha.o)
                              ./fcapplication/clihelpers.o (isalpha)
c:/program files (x86)/gnu arm embedded toolchain/9 2020-q2-update/bin/../lib/gcc/arm-none-eabi/9.3.1/../../../../arm-none-eabi/lib/thumb/v7e-m+dp/hard\libc.a(lib_a-isprint.o)
                              ./fcapplication/clihelpers.o (isprint)
c:/program files (x86)/gnu arm embedded toolchain/9 2020-q2-update/bin/../lib/gcc/arm-none-eabi/9.3.1/../../../../arm-none-eabi/lib/thumb/v7e-m+dp/hard\libc.a(lib_a-lcltime.o)
                              ./fcapplication/log.o (localtime)
c:/program files (x86)/gnu arm embedded toolchain/9 2020-q2-update/bin/../lib/gcc/arm-none-eabi/9.3.1/../../../../arm-none-eabi/lib/thumb/v7e-m+dp/hard\libc.a(lib_a-lcltime_r.o)
                              ./fcapplication/rtcbase.o (localtime_r)
[...]
Memory Configuration

Name             Origin             Length             Attributes
FLASH            0x08000000         0x00100000         xr
RAM              0x20000000         0x00020000         xrw
ITCMRAM          0x00000000         0x00010000         xrw
*default*        0x00000000         0xffffffff

Linker script and memory map

LOAD c:/program files (x86)/gnu arm embedded toolchain/9 2020-q2-update/bin/../lib/gcc/arm-none-eabi/9.3.1/thumb/v7e-m+dp/hard/crti.o
LOAD c:/program files (x86)/gnu arm embedded toolchain/9 2020-q2-update/bin/../lib/gcc/arm-none-eabi/9.3.1/thumb/v7e-m+dp/hard/crtbegin.o
LOAD c:/program files (x86)/gnu arm embedded toolchain/9 2020-q2-update/bin/../lib/gcc/arm-none-eabi/9.3.1/../../../../arm-none-eabi/lib/thumb/v7e-m+dp/hard/crt0.o
LOAD ./fcapplication/mainofapplication.o
LOAD ./fcapplication/stm32h7xx_it.o
LOAD ./fcapplication/stm32h7xx_hal_msp.o
LOAD ./fcapplication/csphandler.o
LOAD ./fcapplication/dwt.o
LOAD ./fcapplication/commands.o
LOAD ./fcapplication/cmdi2c.o
LOAD ./fcapplication/crc_hw.o
LOAD ./fcapplication/cmdspi.o
LOAD ./fcapplication/cmdframcy15b104q.o
LOAD ./fcapplication/peripheralapps.o
LOAD ./fcapplication/oshooks.o
LOAD ./fcapplication/confighandler.o
LOAD ./fcapplication/cmdadc.o
LOAD ./fcapplication/overcurrentprotectiontask.o
LOAD ./fcapplication/system_dbg.o
LOAD ./fcapplication/telemetryhandler.o
LOAD ./fcapplication/cmdlog.o
LOAD ./fcapplication/log.o
LOAD ./fcapplication/fwupdhandler.o
LOAD ./fcapplication/cspcpureset.o
LOAD ./fcapplication/cmdrtc.o
LOAD ./fcapplication/file_table.o
LOAD ./fcapplication/powercontrolunithandler.o
LOAD ./fcapplication/system_stm32h7xx.o
LOAD ./fcapplication/startup_stm32h743xx.o
LOAD ./fcapplication/adcsactuators.o
LOAD ./fcapplication/adcssensors.o
LOAD ./fcapplication/adcsapp.o
LOAD ./fcapplication/adcstelemetryhandler.o
LOAD ./fcapplication/cli.o
LOAD ./fcapplication/clicmd.o
LOAD ./fcapplication/clicmdindexer.o
LOAD ./fcapplication/clicmdindexnode.o
LOAD ./fcapplication/cliwriter.o
LOAD ./fcapplication/cliservice.o
LOAD ./fcapplication/clihelpers.o
LOAD ./fcapplication/config.o
LOAD ./fcapplication/configclicommands.o
LOAD ./fcapplication/configservice.o
LOAD ./fcapplication/configclient.o
LOAD ./fcapplication/csp_bridge.o
LOAD ./fcapplication/csp_buffer.o
LOAD ./fcapplication/csp_conn.o
LOAD ./fcapplication/csp_crc32.o
LOAD ./fcapplication/csp_debug.o
LOAD ./fcapplication/csp_dedup.o
LOAD ./fcapplication/csp_endian.o
LOAD ./fcapplication/csp_iflist.o
LOAD ./fcapplication/csp_io.o
LOAD ./fcapplication/csp_port.o
LOAD ./fcapplication/csp_promisc.o
LOAD ./fcapplication/csp_qfifo.o
LOAD ./fcapplication/csp_route.o
LOAD ./fcapplication/csp_service_handler.o
LOAD ./fcapplication/csp_services.o
LOAD ./fcapplication/csp_sfp.o
LOAD ./fcapplication/csp_rdp.o
LOAD ./fcapplication/csp_udp.o
LOAD ./fcapplication/csp_rtable_static.o
LOAD ./fcapplication/csp_if_lo.o
LOAD ./fcapplication/csp_if_can.o
LOAD ./fcapplication/csp_malloc.o
LOAD ./fcapplication/csp_queue.o
LOAD ./fcapplication/csp_semaphore.o
LOAD ./fcapplication/csp_system.o
LOAD ./fcapplication/csp_thread.o
LOAD ./fcapplication/csp_time.o
LOAD ./fcapplication/cspclicommands.o
LOAD ./fcapplication/cspserver.o
LOAD ./fcapplication/cmdmagnetorquers.o
LOAD ./fcapplication/magnetorquers.o
LOAD ./fcapplication/file_system.o
LOAD ./fcapplication/ftransfer_sat.o
LOAD ./fcapplication/fs_tests.o
LOAD ./fcapplication/cmdfs.o
LOAD ./fcapplication/filesystem.o
LOAD ./fcapplication/fwupd.o
LOAD ./fcapplication/fwupdclicommands.o
LOAD ./fcapplication/fwupdcrc32.o
LOAD ./fcapplication/fwupdmemdescriptor.o
LOAD ./fcapplication/fwupdservice.o
LOAD ./fcapplication/fwupddescriptorhandler.o
LOAD ./fcapplication/fwupdclihelpers.o
LOAD ./fcapplication/flash_mt25q.o
LOAD ./fcapplication/cmdflash_mt25q.o
LOAD ./fcapplication/framcy15b104q.o
LOAD ./fcapplication/fram_fm22l16.o
LOAD ./fcapplication/croutine.o
LOAD ./fcapplication/event_groups.o
LOAD ./fcapplication/list.o
LOAD ./fcapplication/queue.o
LOAD ./fcapplication/tasks.o
LOAD ./fcapplication/timers.o
LOAD ./fcapplication/port.o
LOAD ./fcapplication/heap_4.o
LOAD ./fcapplication/cmdsunsensor.o
LOAD ./fcapplication/sunsensornsfss.o
LOAD ./fcapplication/gps.o
LOAD ./fcapplication/sentence.o
LOAD ./fcapplication/stm32h7xx_hal_spi_ex.o
LOAD ./fcapplication/stm32h7xx_hal_qspi.o
LOAD ./fcapplication/stm32h7xx_hal_flash.o
LOAD ./fcapplication/stm32h7xx_ll_fmc.o
LOAD ./fcapplication/stm32h7xx_hal.o
LOAD ./fcapplication/stm32h7xx_hal_mdma.o
LOAD ./fcapplication/stm32h7xx_hal_i2c.o
LOAD ./fcapplication/stm32h7xx_hal_dma.o
LOAD ./fcapplication/stm32h7xx_hal_pwr.o
LOAD ./fcapplication/stm32h7xx_hal_cortex.o
LOAD ./fcapplication/stm32h7xx_hal_spi.o
LOAD ./fcapplication/stm32h7xx_hal_gpio.o
LOAD ./fcapplication/stm32h7xx_hal_fdcan.o
LOAD ./fcapplication/stm32h7xx_hal_flash_ex.o
LOAD ./fcapplication/stm32h7xx_hal_tim.o
LOAD ./fcapplication/stm32h7xx_hal_uart.o
LOAD ./fcapplication/stm32h7xx_hal_rcc.o
LOAD ./fcapplication/stm32h7xx_hal_rcc_ex.o
LOAD ./fcapplication/stm32h7xx_hal_sram.o
LOAD ./fcapplication/stm32h7xx_hal_uart_ex.o
LOAD ./fcapplication/stm32h7xx_hal_dma_ex.o
LOAD ./fcapplication/stm32h7xx_hal_tim_ex.o
LOAD ./fcapplication/stm32h7xx_hal_i2c_ex.o
LOAD ./fcapplication/stm32h7xx_hal_pwr_ex.o
LOAD ./fcapplication/stm32h7xx_hal_iwdg.o
LOAD ./fcapplication/stm32h7xx_hal_usart.o
LOAD ./fcapplication/stm32h7xx_hal_rtc.o
LOAD ./fcapplication/stm32h7xx_hal_rtc_ex.o
LOAD ./fcapplication/stm32h7xx_hal_crc.o
LOAD ./fcapplication/stm32h7xx_hal_crc_ex.o
LOAD ./fcapplication/stm32h7xx_hal_adc.o
LOAD ./fcapplication/stm32h7xx_hal_adc_ex.o
LOAD ./fcapplication/cmdgyrostim210.o
LOAD ./fcapplication/crc8ccitt.o
LOAD ./fcapplication/gyrostim210.o
LOAD ./fcapplication/cmdmagnetometer.o
LOAD ./fcapplication/magnetometermmc5883ma.o
LOAD ./fcapplication/memoryoperators.o
LOAD ./fcapplication/na_arraymath.o
LOAD ./fcapplication/na_arrayxxmath.o
LOAD ./fcapplication/na_statusstrs.o
LOAD ./fcapplication/ast_cna_runadcs.o
LOAD ./fcapplication/ast_gaintable.o
LOAD ./fcapplication/ast_gps_process.o
LOAD ./fcapplication/ast_mag_process.o
LOAD ./fcapplication/ast_sens_process.o
LOAD ./fcapplication/astc_filter_derivedrate.o
LOAD ./fcapplication/cna_adcsconfig.o
LOAD ./fcapplication/cna_alphabetagamafilter.o
LOAD ./fcapplication/cna_attitudecontrolsystem.o
LOAD ./fcapplication/cna_dynamicmodel.o
LOAD ./fcapplication/cna_kalman_startracker_imumultimeasbiased.o
LOAD ./fcapplication/cna_kalman_sun_3gyro_3mag.o
LOAD ./fcapplication/cna_kalmanabstract.o
LOAD ./fcapplication/cna_measurementmodel.o
LOAD ./fcapplication/cna_rwvelocity.o
LOAD ./fcapplication/na_filter.o
LOAD ./fcapplication/na_igrfmodel.o
LOAD ./fcapplication/na_refframe.o
LOAD ./fcapplication/na_rigidbody.o
LOAD ./fcapplication/na_sgp4.o
LOAD ./fcapplication/na_sundirectionmodel.o
LOAD ./fcapplication/na_time.o
LOAD ./fcapplication/navigationdefines.o
LOAD ./fcapplication/pch.o
LOAD ./fcapplication/sgp4ext.o
LOAD ./fcapplication/sgp4io.o
LOAD ./fcapplication/sgp4unit.o
LOAD ./fcapplication/patternfinder.o
LOAD ./fcapplication/canapp.o
LOAD ./fcapplication/rtcapp.o
LOAD ./fcapplication/uartapp.o
LOAD ./fcapplication/i2cmasterapp.o
LOAD ./fcapplication/spimasterapp.o
LOAD ./fcapplication/flashapp.o
LOAD ./fcapplication/canclicommands.o
LOAD ./fcapplication/rtcbase.o
LOAD ./fcapplication/reqrepclienttransportcsp.o
LOAD ./fcapplication/reqrepservicetransportcsp.o
LOAD ./fcapplication/bcrw4.o
LOAD ./fcapplication/script_engine.o
LOAD ./fcapplication/cmdscriptengine.o
LOAD ./fcapplication/semihostingoff.o
LOAD ./fcapplication/cmdstartracker.o
LOAD ./fcapplication/startrackernst1b.o
LOAD ./fcapplication/supervisor.o
LOAD ./fcapplication/telemetrycollectorbasic.o
LOAD ./fcapplication/telemetryhelpers.o
LOAD ./fcapplication/telemetryservice.o
LOAD ./fcapplication/timesyncclient.o
LOAD ./fcapplication/timesyncservice.o
LOAD ./fcapplication/timesynctask.o
LOAD ./fcapplication/adc.o
LOAD ./fcapplication/systemclock.o
LOAD ./fcapplication/watchdog.o
LOAD ./fcapplication/gpio.o
LOAD ./fcapplication/can1.o
LOAD ./fcapplication/can2.o
LOAD ./fcapplication/candrivers.o
LOAD ./fcapplication/uart4.o
LOAD ./fcapplication/uart5.o
LOAD ./fcapplication/uart7.o
LOAD ./fcapplication/uart8.o
LOAD ./fcapplication/uart1.o
LOAD ./fcapplication/uart3.o
LOAD ./fcapplication/uart6.o
LOAD ./fcapplication/uartdrivers.o
LOAD ./fcapplication/i2c1.o
LOAD ./fcapplication/i2c2.o
LOAD ./fcapplication/i2c3.o
LOAD ./fcapplication/i2c4.o
LOAD ./fcapplication/i2cdrivers.o
LOAD ./fcapplication/spi1.o
LOAD ./fcapplication/spi2.o
LOAD ./fcapplication/spi4.o
LOAD ./fcapplication/spi5.o
LOAD ./fcapplication/spidrivers.o
LOAD ./fcapplication/flash.o
LOAD ./fcapplication/tim8.o
LOAD ./fcapplication/tim2.o
LOAD ./fcapplication/timdrivers.o
LOAD ./fcapplication/mcuoption.o
LOAD ./fcapplication/tim5.o
LOAD ./fcapplication/rtc.o
LOAD ./fcapplication/tim12.o
LOAD ./fcapplication/rtcdrivers.o
LOAD ./fcapplication/cmdlvc.o
LOAD ./fcapplication/lvc.o
START GROUP
LOAD c:/program files (x86)/gnu arm embedded toolchain/9 2020-q2-update/bin/../lib/gcc/arm-none-eabi/9.3.1/thumb/v7e-m+dp/hard\libgcc.a
LOAD c:/program files (x86)/gnu arm embedded toolchain/9 2020-q2-update/bin/../lib/gcc/arm-none-eabi/9.3.1/../../../../arm-none-eabi/lib/thumb/v7e-m+dp/hard\libc.a
END GROUP
START GROUP
LOAD c:/program files (x86)/gnu arm embedded toolchain/9 2020-q2-update/bin/../lib/gcc/arm-none-eabi/9.3.1/thumb/v7e-m+dp/hard\libgcc.a
LOAD c:/program files (x86)/gnu arm embedded toolchain/9 2020-q2-update/bin/../lib/gcc/arm-none-eabi/9.3.1/../../../../arm-none-eabi/lib/thumb/v7e-m+dp/hard\libc.a
LOAD c:/program files (x86)/gnu arm embedded toolchain/9 2020-q2-update/bin/../lib/gcc/arm-none-eabi/9.3.1/../../../../arm-none-eabi/lib/thumb/v7e-m+dp/hard\libnosys.a
END GROUP
LOAD c:/program files (x86)/gnu arm embedded toolchain/9 2020-q2-update/bin/../lib/gcc/arm-none-eabi/9.3.1/thumb/v7e-m+dp/hard/crtend.o
LOAD c:/program files (x86)/gnu arm embedded toolchain/9 2020-q2-update/bin/../lib/gcc/arm-none-eabi/9.3.1/thumb/v7e-m+dp/hard/crtn.o
                0x20020000                _estack = 0x20020000
                0x00000200                _Min_Heap_Size = 0x200
                0x00000400                _Min_Stack_Size = 0x400

.isr_vector     0x08000000      0x298
                0x08000000                . = ALIGN (0x4)
 *(.isr_vector)
 .isr_vector    0x08000000      0x298 ./fcapplication/startup_stm32h743xx.o
                0x08000000                g_pfnVectors
                0x08000298                . = ALIGN (0x4)

.text           0x080002c0    0x52800
                0x080002c0                . = ALIGN (0x4)
 *(.text)
 .text          0x080002c0        0x0 c:/program files (x86)/gnu arm embedded toolchain/9 2020-q2-update/bin/../lib/gcc/arm-none-eabi/9.3.1/thumb/v7e-m+dp/hard/crti.o
 .text          0x080002c0       0x40 c:/program files (x86)/gnu arm embedded toolchain/9 2020-q2-update/bin/../lib/gcc/arm-none-eabi/9.3.1/thumb/v7e-m+dp/hard/crtbegin.o
 .text          0x08000300       0x7c c:/program files (x86)/gnu arm embedded toolchain/9 2020-q2-update/bin/../lib/gcc/arm-none-eabi/9.3.1/../../../../arm-none-eabi/lib/thumb/v7e-m+dp/hard/crt0.o
                0x08000300                _stack_init
                0x08000308                _mainCRTStartup
                0x08000308                _start
 .text          0x0800037c      0x5c8 ./fcapplication/mainofapplication.o
                0x0800037c                debug_uart_write
                0x08000392                Cli_script_input(unsigned char const*, unsigned short)
                0x080003a0                Cli_script_flush_bfr()
                0x080003ac                starTrackerSyncCtrl(bool)
                0x08000422                debug_datawire_write(char const*)
 .text          0x08000944       0x1a ./fcapplication/stm32h7xx_it.o
                0x08000944                NMI_Handler
                0x08000946                HardFault_Handler
                0x08000948                MemManage_Handler
                0x0800094a                BusFault_Handler
                0x0800094c                UsageFault_Handler
                0x0800094e                DebugMon_Handler
                0x08000950                SysTick_Handler
 *fill*         0x0800095e        0x2 
 .text          0x08000960       0x68 ./fcapplication/stm32h7xx_hal_msp.o
                0x08000960                HAL_MspInit
 .text          0x080009c8      0x2cc ./fcapplication/csphandler.o
                0x08000b20                can_send
                0x08000b44                can_init
                0x08000b64                cspHandler::init(void (*)(), void (*)(unsigned char*, unsigned long))
 .text          0x08000c94       0x80 ./fcapplication/dwt.o
                0x08000c94                DWT_Stop_watch_us
                0x08000cc4                DWT_Get_Tick
                0x08000cd0                DWT_Init
 .text          0x08000d14      0x558 ./fcapplication/commands.o
 .text          0x0800126c       0xf8 ./fcapplication/cmdi2c.o
 .text          0x08001364      0x104 ./fcapplication/crc_hw.o
                0x08001364                MX_CRC_Init
                0x08001398                HAL_CRC_MspInit
                0x080013c8                HAL_CRC_MspDeInit
                0x080013e8                HW_CRC_32_Calculate
 .text          0x08001468        0x0 ./fcapplication/cmdspi.o
 .text          0x08001468      0x31c ./fcapplication/cmdframcy15b104q.o
 .text          0x08001784       0xa4 ./fcapplication/peripheralapps.o
                0x08001784                peripheralApps::getUart4AppInstance()
                0x0800178c                peripheralApps::getUart5AppInstance()
                0x08001794                peripheralApps::getUart7AppInstance()
                0x0800179c                peripheralApps::getUart8AppInstance()
                0x080017a4                peripheralApps::getUart1AppInstance()
                0x080017ac                peripheralApps::getUart3AppInstance()
                0x080017b4                peripheralApps::getUart6AppInstance()
                0x080017bc                peripheralApps::getSpi1MasterAppInstance()
                0x080017c4                peripheralApps::getSpi2MasterAppInstance()
                0x080017cc                peripheralApps::getSpi4MasterAppInstance()
                0x080017d4                peripheralApps::getSpi5MasterAppInstance()
                0x080017dc                peripheralApps::getI2c1MasterAppInstance()
                0x080017e4                peripheralApps::getI2c2MasterAppInstance()
                0x080017ec                peripheralApps::getI2c3MasterAppInstance()
                0x080017f4                peripheralApps::getI2c4MasterAppInstance()
                0x080017fc                peripheralApps::getCan1AppInstance()
                0x08001804                peripheralApps::getCan2AppInstance()
                0x0800180c                getCanAppInstanceForCli(unsigned char)
                0x08001820                peripheralApps::getRtcAppInstance()
 .text          0x08001828       0x5c ./fcapplication/oshooks.o
                0x08001828                vApplicationGetIdleTaskMemory
                0x0800183c                vApplicationIdleHook
                0x0800183e                vApplicationStackOverflowHook
                0x08001840                vApplicationMallocFailedHook
                0x08001842                Get_Sys_Uptime
                0x0800185c                HAL_SYSTICK_Callback
 .text          0x08001884       0x10 ./fcapplication/confighandler.o
                0x08001884                configHandler::getConfigInstance()
                0x0800188c                getConfigInstanceForCli()
 .text          0x08001894      0x3b8 ./fcapplication/cmdadc.o
 .text          0x08001c4c      0x228 ./fcapplication/overcurrentprotectiontask.o
                0x08001e1c                overcurrentProtectionTask::init(PowerControlUnit*, unsigned char, unsigned long, void (*)(), unsigned long)
 .text          0x08001e74       0xc8 ./fcapplication/system_dbg.o
                0x08001e74                RST_reason_save
                0x08001e94                RST_reason_id
                0x08001ec8                RST_reason_txt
                0x08001f00                RST_get_last_reason_id
                0x08001f0c                RST_get_last_reason_txt
                0x08001f18                RST_get_last_reason_value
 .text          0x08001f3c       0xe8 ./fcapplication/telemetryhandler.o
                0x08001f3c                telemetryHandler::collect(telemetryTypes::GeneralTelemetry&)
                0x08001fb4                telemetryHandler::collect(telemetryTypes::StartupTelemetry&)
                0x08002014                telemetryHandler::getStartupTelemetryInstance()
                0x0800201c                telemetryHandler::getGeneralTelemetryCollectorInstance()
 .text          0x08002024      0x25c ./fcapplication/cmdlog.o
 .text          0x08002280      0x4a8 ./fcapplication/log.o
                0x08002280                Log::Log(unsigned short)
                0x08002280                Log::Log(unsigned short)
                0x0800228c                Log::getError()
                0x08002292                Log::init()
                0x080022c0                Log::writefb(std::array<unsigned char, 128u>&, unsigned char, char const*, std::__va_list)
                0x080022ea                Log::writefb(std::array<unsigned char, 128u>&, unsigned char, unsigned long, char const*, std::__va_list)
                0x08002320                Log::writefb(std::array<unsigned char, 128u>&, unsigned char, char const*, ...)
                0x08002354                Log::write(char const*, char const*, ...)
                0x08002470                Log::write(char const*, char const*, std::__va_list)
                0x08002580                Log::write(char const*, unsigned long, char const*, ...)
                0x080026a0                Log::read(std::array<unsigned char, 128u>&, unsigned long)
                0x08002706                Log::clear()
                0x08002716                fileLog::getUseInstance()
                0x08002720                fileLog::getErrInstance()
 .text          0x08002728       0xa8 ./fcapplication/fwupdhandler.o
                0x08002728                fwUpdHandler::supportInit()
                0x080027c0                getFwUpdInstanceForCli()
                0x080027c8                fwUpdHandler::getFwUpdInstance()
 .text          0x080027d0        0x4 ./fcapplication/cspcpureset.o
                0x080027d0                cpu_reset
 *fill*         0x080027d4        0x4 
 .text          0x080027d8      0x3dc ./fcapplication/cmdrtc.o
 .text          0x08002bb4       0x20 ./fcapplication/file_table.o
                0x08002bb4                FilePassword1
                0x08002bc0                FS_get_table_crc
                0x08002bc8                FS_get_table
                0x08002bd0                FS_get_table_sz
 .text          0x08002bd4       0x24 ./fcapplication/powercontrolunithandler.o
                0x08002bd4                powerControlUnitHandler::getSunSensorsPowerControlUnit()
                0x08002bdc                powerControlUnitHandler::getExtTempAndMagneticSensorsPowerControlUnit()
                0x08002be4                powerControlUnitHandler::getGpsPowerControlUnit()
                0x08002bec                powerControlUnitHandler::getArrayOfUnits()
                0x08002bf4                powerControlUnitHandler::getNumOfUnitsInArray()
 .text          0x08002bf8      0x1d0 ./fcapplication/system_stm32h7xx.o
                0x08002bf8                SystemInit
                0x08002c5c                SystemCoreClockUpdate
 .text          0x08002dc8       0x14 ./fcapplication/startup_stm32h743xx.o
 .text          0x08002ddc       0x10 ./fcapplication/adcsactuators.o
                0x08002ddc                adcsActuators::getMagnetorquersInstance()
                0x08002de4                adcsActuators::getRWAInstance()
 .text          0x08002dec       0x4c ./fcapplication/adcssensors.o
                0x08002dec                getGyroSTIM210InstanceForCli()
                0x08002df4                adcsSensors::getGyroPollInstance()
                0x08002dfc                adcsSensors::getGpsInstance()
                0x08002e04                adcsSensors::getMagnetometerInstance()
                0x08002e0c                adcsSensors::getSunSensorInstance(unsigned char)
                0x08002e20                adcsSensors::getStarTrackerInstance(unsigned char)
 .text          0x08002e38      0x68c ./fcapplication/adcsapp.o
                0x08002eb4                ADCSApp::ADCSDataCollector::init()
                0x08002f24                ADCSApp::ADCSDataCollector::processTaskRoutine()
                0x08002fea                ADCSApp::ADCSDataCollector::task(void*)
                0x08002ff6                ADCSApp::init(UartApp&, UartApp&, UartApp&, CanApp&, void*, unsigned long*, unsigned short, char const*, unsigned long, void (*)(), unsigned long)
                0x08003140                ADCSApp::readMAG(double)
                0x08003228                ADCSApp::readFSS(double)
                0x08003310                ADCSApp::setEMTCmd()
                0x08003352                ADCSApp::setRWACmd()
                0x0800337e                ADCSApp::markDataNotPresent()
                0x080033ca                ADCSApp::processTaskRoutine()
                0x080034ae                ADCSApp::task(void*)
 .text          0x080034c4      0x1ac ./fcapplication/adcstelemetryhandler.o
                0x080034c4                telemetryHandler::collect(telemetryTypes::AdcsTelemetry&)
                0x08003668                telemetryHandler::getAdcsTelemetryCollectorInstance()
 .text          0x08003670      0x5b8 ./fcapplication/cli.o
                0x080036a0                Cli::~Cli()
                0x080036a0                Cli::~Cli()
                0x080036ac                Cli::setWriteFunction(unsigned short (*)(unsigned char const*, unsigned short))
                0x080036b0                Cli::setWriter(CliWriter&)
                0x080036b6                Cli::flushTempBuf()
                0x080036c2                Cli::Cli(unsigned char*, unsigned short, unsigned short (*)(unsigned char const*, unsigned short), bool, char const*)
                0x080036c2                Cli::Cli(unsigned char*, unsigned short, unsigned short (*)(unsigned char const*, unsigned short), bool, char const*)
                0x08003700                Cli::sendPrompt()
                0x08003720                Cli::getLastCmdResult()
                0x08003726                Cli::printCmdHelp(char const*, CliCmd const&, bool)
                0x08003788                Cli::getCmdByName(char const*)
                0x080037ce                Cli::printHelp(unsigned char, char**)
                0x080038a0                Cli::getChildCmd(CliCmd const&, unsigned char, char**)
                0x080038d4                Cli::processCmd(char const*, unsigned char, char**)
                0x0800396c                Cli::processLine(char*, unsigned short)
                0x08003b40                Cli::rawDataInput(unsigned char const*, unsigned short)
                0x08003bf0                Cli::areThereAnyCmdDublications()
 .text          0x08003c28        0x0 ./fcapplication/clicmd.o
 .text          0x08003c28       0xfc ./fcapplication/clicmdindexer.o
                0x08003c2a                CliCmdIndexer::getInstance()
                0x08003c58                CliCmdIndexer::addNode(CliCmdIndexNode*)
                0x08003c7a                CliCmdIndexer::getFirstNode()
                0x08003c7e                CliCmdIndexer::getNumOfNodes()
                0x08003c82                CliCmdIndexer::CliCmdIndexer()
                0x08003c82                CliCmdIndexer::CliCmdIndexer()
                0x08003c8c                CliCmdIndexer::~CliCmdIndexer()
                0x08003c8c                CliCmdIndexer::~CliCmdIndexer()
                0x08003c8e                CliCmdIndexer::getPreviousNode(CliCmdIndexNode*)
                0x08003cb4                CliCmdIndexer::removeNode(CliCmdIndexNode*)
 .text          0x08003d24       0x36 ./fcapplication/clicmdindexnode.o
                0x08003d24                CliCmdIndexNode::CliCmdIndexNode(CliCmd const*)
                0x08003d24                CliCmdIndexNode::CliCmdIndexNode(CliCmd const*)
                0x08003d3c                CliCmdIndexNode::~CliCmdIndexNode()
                0x08003d3c                CliCmdIndexNode::~CliCmdIndexNode()
                0x08003d4e                CliCmdIndexNode::setNextNode(CliCmdIndexNode*)
                0x08003d52                CliCmdIndexNode::getNextNode()
                0x08003d56                CliCmdIndexNode::getCmd()
 *fill*         0x08003d5a        0x2 
 .text          0x08003d5c      0x1dc ./fcapplication/cliwriter.o
                0x08003d5c                CliWriter::CliWriter(unsigned short (*)(unsigned char const*, unsigned short))
                0x08003d5c                CliWriter::CliWriter(unsigned short (*)(unsigned char const*, unsigned short))
                0x08003d60                CliWriter::~CliWriter()
                0x08003d60                CliWriter::~CliWriter()
                0x08003d62                CliWriter::setWriteFunction(unsigned short (*)(unsigned char const*, unsigned short))
                0x08003d66                CliWriter::write(unsigned char const*, unsigned short)
                0x08003d7a                CliWriter::write(char const*)
                0x08003d9a                CliWriter::writef(char const*, ...)
                0x08003dd2                CliWriter& CliWriter::operator<< <signed char>(signed char)
                0x08003de8                CliWriter& CliWriter::operator<< <short>(short)
                0x08003dfc                CliWriter& CliWriter::operator<< <int>(int)
                0x08003e10                CliWriter& CliWriter::operator<< <unsigned char>(unsigned char)
                0x08003e24                CliWriter& CliWriter::operator<< <unsigned short>(unsigned short)
                0x08003e38                CliWriter& CliWriter::operator<< <unsigned int>(unsigned int)
                0x08003e4c                CliWriter& CliWriter::operator<< <unsigned long long>(unsigned long long)
                0x08003e60                CliWriter& CliWriter::operator<< <unsigned long>(unsigned long)
                0x08003e74                CliWriter& CliWriter::operator<< <float>(float)
                0x08003e90                CliWriter& CliWriter::operator<< <double>(double)
                0x08003ea8                CliWriter& CliWriter::operator<< <bool>(bool)
                0x08003ec8                CliWriter::operator<<(char const*)
                0x08003ed4                CliWriter::operator<<(char*)
                0x08003ee0                CliWriter& CliWriter::operator<< <CliWriter::Hex>(CliWriter::Hex)
                0x08003f10                CliWriter& CliWriter::operator<< <CliWriter::String>(CliWriter::String)
 .text          0x08003f38      0x170 ./fcapplication/cliservice.o
                0x08003f94                cliService::handle(Cli&, csp_packet_t*, unsigned int)
                0x08003ff8                cliService::outputFunction(unsigned char const*, unsigned short, void (*)())
 .text          0x080040a8      0x5f4 ./fcapplication/clihelpers.o
                0x080040cc                CliHelpers::getFlag(char, unsigned char, char**)
                0x080041da                CliHelpers::validateFlags(CliWriter&, char const*, unsigned char, char**)
                0x08004328                CliHelpers::isitDigitf(char const*)
                0x08004378                CliHelpers::isitDigitf(CliWriter&, char const*)
                0x08004398                CliHelpers::isitDigit(char const*)
                0x080043d6                CliHelpers::isitDigit(CliWriter&, char const*)
                0x080043f4                CliHelpers::isitDigitHex(char const*)
                0x08004422                CliHelpers::isitDigitHex(CliWriter&, char const*)
                0x08004440                CliHelpers::hexDecode(char const*, unsigned int, unsigned char*, unsigned int)
                0x080044be                CliHelpers::hexDecode(CliWriter&, char const*, unsigned int, unsigned char*, unsigned int)
                0x080044e4                CliHelpers::isString(CliWriter&, char const*, unsigned int, unsigned int)
                0x08004564                bool CliHelpers::getArg<unsigned char>(CliWriter&, char const*, unsigned char&)
                0x080045bc                bool CliHelpers::getArg<unsigned short>(CliWriter&, char const*, unsigned short&)
                0x08004618                bool CliHelpers::getArg<unsigned long>(CliWriter&, char const*, unsigned long&)
                0x0800467c                bool CliHelpers::getArg<char const*>(CliWriter&, char const*, char const*&)
 .text          0x0800469c      0x45c ./fcapplication/config.o
                0x0800469c                Config::Config(ConfigPropDescr const*, unsigned short, ConfigProperties&, Config::EventCallbacks&, Config::StorageCallbacks&, unsigned long, unsigned long)
                0x0800469c                Config::Config(ConfigPropDescr const*, unsigned short, ConfigProperties&, Config::EventCallbacks&, Config::StorageCallbacks&, unsigned long, unsigned long)
                0x080046de                Config::~Config()
                0x080046de                Config::~Config()
                0x080046e0                Config::errorCodeToString(Config::ErrorCode)
                0x080046ec                Config::accessRoleToString(ConfigAccessRole)
                0x080046fc                Config::propSourceToString(ConfigProperties::Source)
                0x0800470c                Config::elevateAccessRole(ConfigAccessRole, unsigned long)
                0x0800473e                Config::unlock()
                0x0800475a                Config::lock()
                0x08004776                Config::findDescriptor(unsigned short)
                0x080047f4                Config::getType(unsigned short, ConfigPropDescr::Type&)
                0x08004818                Config::getDescriptor(unsigned short)
                0x0800481c                Config::findDescriptor(char const*)
                0x080048cc                Config::loadDefault()
                0x0800490c                Config::loadFallback()
                0x08004960                Config::loadMain()
                0x080049b4                Config::init(bool)
                0x08004a6a                Config::save(bool)
 .text          0x08004af8     0x188c ./fcapplication/configclicommands.o
 .text          0x08006384      0xfe8 ./fcapplication/configservice.o
                0x08006384                ConfigService::~ConfigService()
                0x08006384                ConfigService::~ConfigService()
                0x08006386                ConfigService::~ConfigService()
                0x08006394                ConfigService::ConfigService(Config&)
                0x08006394                ConfigService::ConfigService(Config&)
                0x08006820                ConfigService::handle(unsigned char const*, unsigned short, unsigned char*, unsigned short)
 .text          0x0800736c      0x4b2 ./fcapplication/configclient.o
                0x0800736c                ConfigClient::ConfigClient(ReqRepClientTransportBase&)
                0x0800736c                ConfigClient::ConfigClient(ReqRepClientTransportBase&)
                0x08007370                ConfigClient::~ConfigClient()
                0x08007370                ConfigClient::~ConfigClient()
                0x08007372                ConfigClient::loadMain(unsigned long)
                0x080073f4                ConfigClient::loadDefault(unsigned long)
                0x08007476                ConfigClient::loadFallback(unsigned long)
                0x080074f8                ConfigClient::unlock(unsigned long)
                0x0800757a                ConfigClient::lock(unsigned long)
                0x080075fc                ConfigClient::save(unsigned long)
                0x0800767a                ConfigClient::saveAsFallback(unsigned long)
                0x080076fc                ConfigClient::elevateAccessRole(ConfigAccessRole, unsigned long, unsigned long)
                0x08007786                ConfigClient::getCurrStatus(Config::Status&, unsigned long)
 *fill*         0x0800781e        0x2 
 .text          0x08007820       0xe0 ./fcapplication/csp_bridge.o
                0x08007820                csp_bridge
                0x080078bc                csp_bridge_start
 .text          0x08007900      0x248 ./fcapplication/csp_buffer.o
                0x08007900                csp_buffer_init
                0x0800797c                csp_buffer_get_isr
                0x080079bc                csp_buffer_get
                0x08007a34                csp_buffer_free_isr
                0x08007a7c                csp_buffer_free
                0x08007b08                csp_buffer_clone
                0x08007b30                csp_buffer_remaining
                0x08007b3c                csp_buffer_size
 .text          0x08007b48      0x454 ./fcapplication/csp_conn.o
                0x08007b48                csp_conn_check_timeouts
                0x08007b4a                csp_conn_get_rxq
                0x08007b4e                csp_conn_lock
                0x08007b62                csp_conn_unlock
                0x08007b6e                csp_conn_enqueue_packet
                0x08007bb0                csp_conn_init
                0x08007c3c                csp_conn_find
                0x08007c6c                csp_conn_flush_rx_queue
                0x08007c90                csp_conn_allocate
                0x08007d20                csp_conn_new
                0x08007d44                csp_close
                0x08007da4                csp_connect
                0x08007e98                csp_conn_dport
                0x08007ea0                csp_conn_sport
                0x08007ea8                csp_conn_dst
                0x08007eb0                csp_conn_src
                0x08007eb8                csp_conn_flags
                0x08007ebc                csp_conn_print_table
                0x08007f18                csp_conn_print_table_str
 .text          0x08007f9c       0xe4 ./fcapplication/csp_crc32.o
                0x08007f9c                csp_crc32_memory_few
                0x08007fc4                csp_crc32_memory
                0x08007ff0                csp_crc32_append
                0x08008034                csp_crc32_verify
 .text          0x08008080       0x90 ./fcapplication/csp_debug.o
                0x08008080                csp_debug_hook_set
                0x0800808c                do_csp_debug
                0x080080dc                csp_debug_set_level
                0x080080ec                csp_debug_get_level
                0x080080fc                csp_debug_toggle_level
 .text          0x08008110       0x74 ./fcapplication/csp_dedup.o
                0x08008110                csp_dedup_is_duplicate
 .text          0x08008184       0x88 ./fcapplication/csp_endian.o
                0x08008184                csp_hton16
                0x0800818a                csp_ntoh16
                0x08008190                csp_hton32
                0x08008194                csp_ntoh32
                0x08008198                csp_hton64
                0x080081a0                csp_ntoh64
                0x080081a4                csp_htobe16
                0x080081aa                csp_htole16
                0x080081ac                csp_betoh16
                0x080081b2                csp_letoh16
                0x080081b4                csp_htobe32
                0x080081b8                csp_htole32
                0x080081ba                csp_betoh32
                0x080081be                csp_letoh32
                0x080081c0                csp_htobe64
                0x080081c4                csp_htole64
                0x080081c6                csp_betoh64
                0x080081ca                csp_letoh64
                0x080081cc                csp_htonflt
                0x080081dc                csp_ntohflt
                0x080081ec                csp_htondbl
                0x080081fc                csp_ntohdbl
 *fill*         0x0800820c        0x4 
 .text          0x08008210       0xfc ./fcapplication/csp_iflist.o
                0x08008210                csp_iflist_get_by_name
                0x08008234                csp_iflist_add
                0x08008258                csp_bytesize
                0x080082ac                csp_iflist_print
 .text          0x0800830c      0x4d4 ./fcapplication/csp_io.o
                0x0800830c                csp_set_address
                0x08008318                csp_get_address
                0x08008324                csp_set_hostname
                0x08008330                csp_get_hostname
                0x0800833c                csp_set_model
                0x08008348                csp_get_model
                0x08008354                csp_set_revision
                0x08008360                csp_get_revision
                0x0800836c                csp_init
                0x080083b4                csp_socket
                0x0800842c                csp_accept
                0x0800844e                csp_read
                0x08008476                csp_send_direct
                0x08008568                csp_send
                0x080085ac                csp_send_prio
                0x080085c4                csp_transaction_persistent
                0x08008658                csp_transaction
                0x0800868c                csp_recvfrom
                0x080086b2                csp_sendto
                0x08008750                csp_sendto_reply
                0x08008784                csp_sendto_simple_reply
 .text          0x080087e0       0xc4 ./fcapplication/csp_port.o
                0x080087e0                csp_port_get_socket
                0x0800880c                csp_port_init
                0x08008824                csp_listen
                0x08008844                csp_bind
 .text          0x080088a4       0x90 ./fcapplication/csp_promisc.o
                0x080088a4                csp_promisc_enable
                0x080088cc                csp_promisc_disable
                0x080088d8                csp_promisc_read
                0x080088f8                csp_promisc_add
 .text          0x08008934       0xc0 ./fcapplication/csp_qfifo.o
                0x08008934                csp_qfifo_init
                0x08008958                csp_qfifo_read
                0x08008978                csp_qfifo_write
 .text          0x080089f4      0x2c4 ./fcapplication/csp_route.o
                0x08008a50                csp_route_work
                0x08008c60                csp_task_router
                0x08008c78                csp_route_start_task
 .text          0x08008cb8      0x55c ./fcapplication/csp_service_handler.o
                0x08008e88                csp_cmp_set_memcpy
                0x08008e94                csp_cmp_handler
                0x08008ef2                csp_service_handler
                0x08009044                csp_cmp_handler_no_conn
                0x080090a0                csp_service_handler_no_conn
 .text          0x08009214      0x3c4 ./fcapplication/csp_services.o
                0x08009214                csp_ping
                0x080092b6                csp_ping_repeat
                0x0800936a                csp_ping_noreply
                0x080093d0                csp_reboot
                0x08009400                csp_shutdown
                0x08009430                csp_ps
                0x080094c8                csp_memfree
                0x08009510                csp_buf_free
                0x0800955c                csp_uptime
                0x080095a8                csp_cmp
 .text          0x080095d8      0x1d0 ./fcapplication/csp_sfp.o
                0x080095d8                csp_sfp_send_own_memcpy
                0x08009688                csp_sfp_send
                0x080096a0                csp_sfp_recv_fp
                0x08009798                csp_sfp_recv
 .text          0x080097a8        0x0 ./fcapplication/csp_rdp.o
 .text          0x080097a8       0x54 ./fcapplication/csp_udp.o
                0x080097a8                csp_udp_new_packet
 .text          0x080097fc      0x110 ./fcapplication/csp_rtable_static.o
                0x080097fc                csp_rtable_find_iface
                0x08009824                csp_rtable_find_mac
                0x0800984c                csp_rtable_clear
                0x0800985c                csp_route_table_load
                0x0800986c                csp_route_table_save
                0x08009878                csp_rtable_set
                0x080098b4                csp_rtable_print
 .text          0x0800990c       0x34 ./fcapplication/csp_if_lo.o
                0x0800990c                csp_lo_tx
 .text          0x08009940      0x444 ./fcapplication/csp_if_can.o
                0x0800995c                csp_can_tx
                0x08009ac4                csp_can_process_frame
                0x08009c7c                csp_can_rx_frame
                0x08009cc8                csp_can_init
 .text          0x08009d84        0x8 ./fcapplication/csp_malloc.o
                0x08009d84                csp_malloc
                0x08009d88                csp_free
 .text          0x08009d8c       0x28 ./fcapplication/csp_queue.o
                0x08009d8c                csp_queue_create
                0x08009d92                csp_queue_remove
                0x08009d96                csp_queue_enqueue
                0x08009d9c                csp_queue_enqueue_isr
                0x08009da2                csp_queue_dequeue
                0x08009da8                csp_queue_dequeue_isr
                0x08009dac                csp_queue_size
                0x08009db0                csp_queue_size_isr
 .text          0x08009db4       0xc4 ./fcapplication/csp_semaphore.o
                0x08009db4                csp_mutex_create
                0x08009dc8                csp_bin_sem_create
                0x08009de8                csp_bin_sem_remove
                0x08009df8                csp_mutex_remove
                0x08009dfc                csp_bin_sem_wait
                0x08009e24                csp_mutex_lock
                0x08009e28                csp_bin_sem_post
                0x08009e50                csp_mutex_unlock
                0x08009e54                csp_bin_sem_post_isr
 .text          0x08009e78       0x94 ./fcapplication/csp_system.o
                0x08009e78                csp_sys_tasklist
                0x08009e82                csp_sys_tasklist_size
                0x08009e8e                csp_sys_memfree
                0x08009ec4                cpu_set_reset_cause
                0x08009ec8                csp_sys_reboot
                0x08009ee8                csp_sys_shutdown
                0x08009f08                csp_sys_set_color
 .text          0x08009f0c       0x1a ./fcapplication/csp_thread.o
                0x08009f0c                csp_thread_create
 .text          0x08009f26       0x28 ./fcapplication/csp_time.o
                0x08009f26                csp_get_ms
                0x08009f2a                csp_get_ms_isr
                0x08009f2e                csp_get_s
                0x08009f3e                csp_get_s_isr
 *fill*         0x08009f4e        0x2 
 .text          0x08009f50      0x4c8 ./fcapplication/cspclicommands.o
 .text          0x0800a418       0x78 ./fcapplication/cspserver.o
                0x0800a418                CspServer::CspServer(void (&)(csp_packet_t*), void (&)())
                0x0800a418                CspServer::CspServer(void (&)(csp_packet_t*), void (&)())
                0x0800a422                CspServer::~CspServer()
                0x0800a422                CspServer::~CspServer()
                0x0800a424                CspServer::cspServerHandler()
                0x0800a46e                CspServer::cspServerTask(void*)
                0x0800a472                CspServer::init(char const*, unsigned long, unsigned long, unsigned long*, xSTATIC_TCB*)
 .text          0x0800a490       0x9c ./fcapplication/cmdmagnetorquers.o
 .text          0x0800a52c       0x94 ./fcapplication/magnetorquers.o
                0x0800a52c                Magnetorquers::set(unsigned short, GPIO_TypeDef*, unsigned short, GPIO_TypeDef*, Magnetorquers::MTQ_STATE)
                0x0800a568                Magnetorquers::setMtq(Magnetorquers::MTQ_IDX, Magnetorquers::MTQ_STATE)
 .text          0x0800a5c0     0x2448 ./fcapplication/file_system.o
                0x0800ad9c                TaskFlsys
                0x0800ba1c                FS_format_file
                0x0800ba98                FS_write_entry
                0x0800baf0                FS_add_entry
                0x0800bb48                FS_add_entry_preformat
                0x0800bba8                FS_read_entry
                0x0800be10                FS_file_check
                0x0800c080                FS_clear_file
                0x0800c0f0                FS_get_file_info
                0x0800c334                FS_add_stream
                0x0800c410                FS_max_log_entries
                0x0800c478                FS_max_static_entries
                0x0800c4de                FS_get_err_list
                0x0800c500                FS_file_table_crc
                0x0800c56c                FS_file_locking
                0x0800c610                FS_entry_optimizer
                0x0800c62e                FS_configure_memory
                0x0800c77e                FS_init
                0x0800c9e4                FS_getWdtKickPeriod
                0x0800c9f0                FS_getWdtKickCallback
                0x0800c9fc                FS_getCrcCallback
 .text          0x0800ca08      0xc34 ./fcapplication/ftransfer_sat.o
                0x0800ca8c                TaskFTransfer
                0x0800d010                FT_get_err_list
                0x0800d030                FileTransfer_Init
                0x0800d0c8                FileTransfer_Handle
 .text          0x0800d63c      0x42c ./fcapplication/fs_tests.o
                0x0800d684                TaskPrint
                0x0800d83c                write_test
                0x0800d8bc                Task1
                0x0800d8ec                Task2
                0x0800d920                Task3
                0x0800d958                start_test
                0x0800d9a4                stop_test
                0x0800d9bc                FS_test_init
 .text          0x0800da68     0x118c ./fcapplication/cmdfs.o
                0x0800ebdc                debugWriter(unsigned char*, unsigned long)
 .text          0x0800ebf4      0x2b4 ./fcapplication/filesystem.o
                0x0800ec0c                FileSystem::Static::read(unsigned short, unsigned long, unsigned char*, unsigned long, unsigned long&)
                0x0800eca4                FileSystem::Static::calcFileSize(unsigned short)
                0x0800ecd0                FileSystem::Static::calcCrc(unsigned short, unsigned long&, unsigned long&)
                0x0800ed22                FileSystem::Static::writeEntrySync(unsigned short, unsigned long, unsigned char const*, unsigned int)
                0x0800ed84                FileSystem::Static::Writer::Writer(unsigned short, unsigned char*, unsigned int)
                0x0800ed84                FileSystem::Static::Writer::Writer(unsigned short, unsigned char*, unsigned int)
                0x0800edb4                FileSystem::Static::Writer::close()
                0x0800ede0                FileSystem::Static::Writer::~Writer()
                0x0800ede0                FileSystem::Static::Writer::~Writer()
                0x0800edec                FileSystem::Static::Writer::write(unsigned char const*, unsigned int)
                0x0800ee36                FileSystem::Static::copy(unsigned short, unsigned short)
 .text          0x0800eea8      0x5a8 ./fcapplication/fwupd.o
                0x0800eea8                FwUpd::errorCodeToString(FwUpd::ErrorCode)
                0x0800eeb4                FwUpd::stateToString(FwUpd::State)
                0x0800eec4                FwUpd::FwUpd(FwUpd::Memory&)
                0x0800eec4                FwUpd::FwUpd(FwUpd::Memory&)
                0x0800ef94                FwUpd::~FwUpd()
                0x0800ef94                FwUpd::~FwUpd()
                0x0800efaa                FwUpd::getGoldenImageUpdateDescr(FwUpdDescriptor&)
                0x0800efce                FwUpd::abortUpdate()
                0x0800f000                FwUpd::validateStorageSignature(FwUpdImageType, unsigned long, bool, unsigned long&, unsigned long&)
                0x0800f046                FwUpd::validateInstalledImageSignature(FwUpdImageType, unsigned long&, unsigned long&)
                0x0800f084                FwUpd::verifyInstallation()
                0x0800f0de                FwUpd::installImage()
                0x0800f1d8                FwUpd::getCurrState() const
                0x0800f1de                FwUpd::getCurrUpdateDescr(FwUpdDescriptor&) const
                0x0800f204                FwUpd::getSysInfo(FwUpdSysInfo&) const
                0x0800f216                FwUpd::isUpdateDescrValid(FwUpdDescriptor const&)
                0x0800f280                FwUpd::startUpdate(FwUpdDescriptor const&)
                0x0800f2d4                FwUpd::startUpdateOfGoldenImage(FwUpdImageType)
                0x0800f358                FwUpd::areMemoryDescriptorsValid()
                0x0800f3e0                FwUpd::initialize(FwUpdSysInfo const&)
 .text          0x0800f450      0x3b0 ./fcapplication/fwupdclicommands.o
 .text          0x0800f800       0x40 ./fcapplication/fwupdcrc32.o
                0x0800f800                FwUpdCrc32::update(unsigned char)
                0x0800f818                FwUpdCrc32::update(unsigned char const*, unsigned long)
                0x0800f832                FwUpdCrc32::reset()
                0x0800f83a                FwUpdCrc32::get()
 .text          0x0800f840      0x402 ./fcapplication/fwupdmemdescriptor.o
                0x0800f840                FwUpdMemDescriptor::FwUpdMemDescriptor(unsigned long, FwUpdMemDriverBase&, FwUpdMemDescriptor::Layout const&, void (*)())
                0x0800f840                FwUpdMemDescriptor::FwUpdMemDescriptor(unsigned long, FwUpdMemDriverBase&, FwUpdMemDescriptor::Layout const&, void (*)())
                0x0800f84e                FwUpdMemDescriptor::~FwUpdMemDescriptor()
                0x0800f84e                FwUpdMemDescriptor::~FwUpdMemDescriptor()
                0x0800f850                FwUpdMemDescriptor::isValid() const
                0x0800f85c                FwUpdMemDescriptor::isOverlapping(FwUpdMemDescriptor const&) const
                0x0800f880                FwUpdMemDescriptor::kickWatchdog() const
                0x0800f888                FwUpdMemDescriptor::copyTo(FwUpdMemDescriptor const&, unsigned long)
                0x0800f974                FwUpdMemDescriptor::calculateCrc(unsigned long, unsigned long&) const
                0x0800f988                FwUpdMemDescriptor::calculateCrc(unsigned long&) const
                0x0800f992                FwUpdMemDescriptor::isMemoryEqualTo(FwUpdMemDescriptor const&, unsigned long) const
                0x0800f9d4                FwUpdMemDescriptor::appendSignatureCustomMagic(unsigned long, unsigned long)
                0x0800fa2c                FwUpdMemDescriptor::appendSignature(unsigned long)
                0x0800fa34                FwUpdMemDescriptor::validateSignatureCustomMagic(unsigned long, unsigned long, unsigned long&, unsigned long&) const
                0x0800fb28                FwUpdMemDescriptor::validateSignature(unsigned long, unsigned long&, unsigned long&) const
                0x0800fb3c                FwUpdMemDescriptor::validateSignature(unsigned long&, unsigned long&) const
                0x0800fb4e                FwUpdMemDescriptor::write(unsigned long, unsigned char const*, unsigned short)
                0x0800fb9c                FwUpdMemDescriptor::write(unsigned char const*, unsigned short)
                0x0800fbae                FwUpdMemDescriptor::read(unsigned long, unsigned char*, unsigned short) const
                0x0800fbe2                FwUpdMemDescriptor::read(unsigned char*, unsigned short) const
                0x0800fbf4                FwUpdMemDescriptor::erase(unsigned long, unsigned long)
                0x0800fc38                FwUpdMemDescriptor::erase(unsigned long)
 *fill*         0x0800fc42        0x2 
 .text          0x0800fc44      0x348 ./fcapplication/fwupdservice.o
                0x0800fc44                FwUpdService::~FwUpdService()
                0x0800fc44                FwUpdService::~FwUpdService()
                0x0800fc46                FwUpdService::~FwUpdService()
                0x0800fc54                FwUpdService::handle(unsigned char const*, unsigned short, unsigned char*, unsigned short)
                0x0800ff7e                FwUpdService::FwUpdService(FwUpd&)
                0x0800ff7e                FwUpdService::FwUpdService(FwUpd&)
 .text          0x0800ff8c      0x15c ./fcapplication/fwupddescriptorhandler.o
                0x0800ff8c                FwUpdDescriptorHandler::FwUpdDescriptorHandler(FwUpdMemDescriptor&)
                0x0800ff8c                FwUpdDescriptorHandler::FwUpdDescriptorHandler(FwUpdMemDescriptor&)
                0x0800ffa4                FwUpdDescriptorHandler::~FwUpdDescriptorHandler()
                0x0800ffa4                FwUpdDescriptorHandler::~FwUpdDescriptorHandler()
                0x0800ffa6                FwUpdDescriptorHandler::getCurrUpdateDescr(FwUpdDescriptor&)
                0x0800ffc6                FwUpdDescriptorHandler::checkDoesItFitInMemory()
                0x0800ffd6                FwUpdDescriptorHandler::checkIsCurrEntryValid()
                0x08010000                FwUpdDescriptorHandler::initializeFromMemory()
                0x08010028                FwUpdDescriptorHandler::deleteCurrEntryFromMemory()
                0x08010040                FwUpdDescriptorHandler::reset()
                0x08010062                FwUpdDescriptorHandler::saveCurrEntryInMemory()
                0x08010092                FwUpdDescriptorHandler::setNewUpdateDescr(FwUpdDescriptor const&)
 .text          0x080100e8      0x270 ./fcapplication/fwupdclihelpers.o
                0x080100e8                FwUpdCliHelpers::stringToImageType(char const*)
                0x0801012c                FwUpdCliHelpers::operator<<(CliWriter&, FwUpdImageType)
                0x08010160                FwUpdCliHelpers::operator<<(CliWriter&, FwUpd::ErrorCode)
                0x08010194                FwUpdCliHelpers::operator<<(CliWriter&, FwUpdSysInfo::McuUid const&)
                0x080101c0                FwUpdCliHelpers::operator<<(CliWriter&, FwUpdSysInfo const&)
                0x08010294                FwUpdCliHelpers::operator<<(CliWriter&, FwUpdDescriptor const&)
                0x08010304                FwUpdCliHelpers::stringToMcuId(char const*)
 .text          0x08010358     0x1100 ./fcapplication/flash_mt25q.o
                0x08010948                EXTFL_get_err_list
                0x0801096c                EXTFL_MT25Q_Init
                0x08010bac                HAL_QSPI_MspInit
                0x08010d70                HAL_QSPI_MspDeInit
                0x08010e18                EXTFL_rw_reg
                0x08010e6e                EXTFL_read_data
                0x08011010                EXTFL_write_data
                0x080112a4                EXTFL_erase_sector
                0x080113f4                HAL_QSPI_ErrorCallback
                0x08011428                HAL_QSPI_CmdCpltCallback
                0x0801142c                HAL_QSPI_RxCpltCallback
                0x08011430                HAL_QSPI_TxCpltCallback
                0x08011434                HAL_QSPI_StatusMatchCallback
                0x08011436                HAL_QSPI_TimeOutCallback
                0x08011438                HAL_QSPI_FifoThresholdCallback
                0x0801143a                HAL_QSPI_RxHalfCpltCallback
                0x0801143c                HAL_QSPI_TxHalfCpltCallback
                0x0801143e                HAL_QSPI_AbortCpltCallback
                0x08011440                QUADSPI_IRQHandler
                0x0801144c                MDMA_IRQHandler
 .text          0x08011458      0x504 ./fcapplication/cmdflash_mt25q.o
 .text          0x0801195c      0x190 ./fcapplication/framcy15b104q.o
                0x0801195c                FramCY15B104Q::FramCY15B104Q(SpiMasterApp&, FramCY15B104Q::PinControl&)
                0x0801195c                FramCY15B104Q::FramCY15B104Q(SpiMasterApp&, FramCY15B104Q::PinControl&)
                0x08011968                FramCY15B104Q::~FramCY15B104Q()
                0x08011968                FramCY15B104Q::~FramCY15B104Q()
                0x0801196a                FramCY15B104Q::read(unsigned long, unsigned char*, unsigned short)
                0x080119d2                FramCY15B104Q::readId(std::array<unsigned char, 9u>&)
                0x08011a18                FramCY15B104Q::init()
                0x08011a58                FramCY15B104Q::writeEnable()
                0x08011a7a                FramCY15B104Q::write(unsigned long, unsigned char const*, unsigned short)
 .text          0x08011aec      0x2d8 ./fcapplication/fram_fm22l16.o
                0x08011aec                FRAM_FM22L16_Init
                0x08011bac                HAL_SRAM_MspInit
                0x08011c1c                HAL_SRAM_MspDeInit
                0x08011c5c                FRAM1_write_data
                0x08011c84                FRAM2_write_data
                0x08011cac                FRAM1_read_data
                0x08011cd8                FRAM2_read_data
                0x08011d04                FRAM1_erase_1kb
                0x08011d36                FRAM2_erase_1kb
                0x08011d68                FRAM1_erase_128B
                0x08011d96                FRAM2_erase_128B
 .text          0x08011dc4        0x0 ./fcapplication/croutine.o
 .text          0x08011dc4      0x370 ./fcapplication/event_groups.o
                0x08011dc4                xEventGroupCreateStatic
                0x08011dee                xEventGroupCreate
                0x08011e0a                xEventGroupWaitBits
                0x08011f1c                xEventGroupClearBits
                0x08011f62                xEventGroupGetBitsFromISR
                0x08011f7e                xEventGroupSetBits
                0x08012004                xEventGroupSync
                0x080120e0                vEventGroupDelete
                0x08012124                vEventGroupSetBitsCallback
                0x08012128                vEventGroupClearBitsCallback
                0x0801212c                uxEventGroupGetNumber
 .text          0x08012134       0x80 ./fcapplication/list.o
                0x08012134                vListInitialise
                0x0801214a                vListInitialiseItem
                0x08012150                vListInsertEnd
                0x08012168                vListInsert
                0x08012196                uxListRemove
 .text          0x080121b4      0xa10 ./fcapplication/queue.o
                0x080122b8                xQueueGenericReset
                0x08012338                xQueueGenericCreateStatic
                0x080123d2                xQueueGenericCreate
                0x08012420                xQueueCreateCountingSemaphoreStatic
                0x08012464                xQueueCreateCountingSemaphore
                0x080124a0                xQueueGenericSend
                0x08012604                xQueueCreateMutexStatic
                0x0801262e                xQueueCreateMutex
                0x08012668                xQueueGenericSendFromISR
                0x0801272a                xQueueGiveFromISR
                0x080127d2                xQueueGenericReceive
                0x08012954                xQueueReceiveFromISR
                0x080129f2                xQueuePeekFromISR
                0x08012a68                uxQueueMessagesWaiting
                0x08012a92                uxQueueSpacesAvailable
                0x08012ac0                uxQueueMessagesWaitingFromISR
                0x08012ad8                uxQueueGetQueueNumber
                0x08012adc                vQueueSetQueueNumber
                0x08012ae0                ucQueueGetQueueType
                0x08012ae6                xQueueIsQueueEmptyFromISR
                0x08012b04                xQueueIsQueueFullFromISR
                0x08012b24                vQueueAddToRegistry
                0x08012b48                pcQueueGetName
                0x08012b6c                vQueueUnregisterQueue
                0x08012b94                vQueueDelete
 .text          0x08012bc4     0x14b0 ./fcapplication/tasks.o
                0x08012e9e                xTaskCreateStatic
                0x08012ee2                xTaskCreate
                0x08012f3c                vTaskDelete
                0x08012ff8                eTaskGetState
                0x08013044                vTaskPrioritySet
                0x08013120                vTaskStartScheduler
                0x08013184                vTaskEndScheduler
                0x080131a4                vTaskSuspendAll
                0x080131b8                xTaskGetTickCount
                0x080131c4                xTaskGetTickCountFromISR
                0x080131d8                uxTaskGetNumberOfTasks
                0x080131e4                pcTaskGetName
                0x08013208                xTaskIncrementTick
                0x08013308                xTaskResumeAll
                0x080133e8                vTaskDelayUntil
                0x08013474                vTaskDelay
                0x0801352c                xTaskGetHandle
                0x080135a4                vTaskSwitchContext
                0x08013658                vTaskPlaceOnEventList
                0x08013688                vTaskPlaceOnUnorderedEventList
                0x080136d8                xTaskRemoveFromEventList
                0x08013754                xTaskRemoveFromUnorderedEventList
                0x080137d8                vTaskSetTimeOutState
                0x080137f4                xTaskCheckForTimeOut
                0x08013864                vTaskMissedYield
                0x08013874                uxTaskGetTaskNumber
                0x0801387a                vTaskSetTaskNumber
                0x08013880                vTaskGetInfo
                0x08013934                uxTaskGetSystemState
                0x080139c4                xTaskGetCurrentTaskHandle
                0x080139d0                xTaskGetSchedulerState
                0x080139f0                vTaskPriorityInherit
                0x08013a84                xTaskPriorityDisinherit
                0x08013b2c                vTaskList
                0x08013be4                vTaskGetRunTimeStats
                0x08013c98                uxTaskResetEventItemValue
                0x08013cb0                pvTaskIncrementMutexHeldCount
                0x08013cc8                ulTaskNotifyTake
                0x08013d2c                xTaskNotifyWait
                0x08013db8                xTaskGenericNotify
                0x08013e88                xTaskGenericNotifyFromISR
                0x08013f84                vTaskNotifyGiveFromISR
                0x08014044                xTaskNotifyStateClear
 .text          0x08014074        0x0 ./fcapplication/timers.o
 *fill*         0x08014074        0xc 
 .text          0x08014080      0x2f4 ./fcapplication/port.o
                0x080140d8                pxPortInitialiseStack
                0x080140fc                SVC_Handler
                0x08014124                vPortEndScheduler
                0x08014148                vPortEnterCritical
                0x0801418c                vPortExitCritical
                0x080141b4                PendSV_Handler
                0x08014224                xPortSysTickHandler
                0x08014250                vPortSetupTimerInterrupt
                0x08014278                xPortStartScheduler
                0x08014318                vPortValidateInterruptPriority
 .text          0x08014374      0x1c8 ./fcapplication/heap_4.o
                0x080143b8                pvPortMalloc
                0x080144b8                vPortFree
                0x08014520                xPortGetFreeHeapSize
                0x0801452c                xPortGetMinimumEverFreeHeapSize
                0x08014538                vPortInitialiseBlocks
 .text          0x0801453c      0x164 ./fcapplication/cmdsunsensor.o
 .text          0x080146a0      0x180 ./fcapplication/sunsensornsfss.o
                0x080146a0                SunSensorNSFSS::SunSensorNSFSS(I2cMasterApp&, unsigned char)
                0x080146a0                SunSensorNSFSS::SunSensorNSFSS(I2cMasterApp&, unsigned char)
                0x080146ac                SunSensorNSFSS::~SunSensorNSFSS()
                0x080146ac                SunSensorNSFSS::~SunSensorNSFSS()
                0x080146ae                SunSensorNSFSS::startSunMeasurement()
                0x080146d0                SunSensorNSFSS::startTempMeasurement()
                0x080146f0                SunSensorNSFSS::readSunData(unsigned short&, unsigned short&, unsigned short&, unsigned short&)
                0x0801476c                SunSensorNSFSS::readTemperature(short&)
                0x080147b8                SunSensorNSFSS::fromRawToDegreesCelsius(short)
                0x080147c2                SunSensorNSFSS::getDeviceId(unsigned long&)
                0x080147ce                SunSensorNSFSS::readDeviceId(unsigned long&)
                0x0801480c                SunSensorNSFSS::init()
 .text          0x08014820      0x2bc ./fcapplication/gps.o
                0x08014820                Gps::~Gps()
                0x08014820                Gps::~Gps()
                0x08014822                Gps::flushLineBuf()
                0x0801482e                Gps::Gps(unsigned char*, unsigned short, RtcApp&, bool (*)(), signed char)
                0x0801482e                Gps::Gps(unsigned char*, unsigned short, RtcApp&, bool (*)(), signed char)
                0x08014874                Gps::rawDataInput(unsigned char const*, unsigned short)
 *fill*         0x08014adc        0x4 
 .text          0x08014ae0     0x1294 ./fcapplication/sentence.o
                0x08014b40                Sentence::isStrNumber(char*, unsigned short)
                0x08014b72                Sentence::parseStrNumber(char*, unsigned short, double*)
                0x08014bb0                Sentence::parseCrc(unsigned char const*, unsigned short, unsigned char*)
                0x08014bf2                Sentence::isValid(unsigned char const*, unsigned short)
                0x08014c5e                Sentence::parseTime(char*, unsigned short, unsigned long long*)
                0x08014d28                Sentence::parseDate(char*, unsigned short, double*)
                0x08014db0                Sentence::parseGeoCoordAngle(char*, unsigned short, double*)
                0x08014e2c                Sentence::parseLatitudeCardinal(char*, unsigned short, double*)
                0x08014ea0                Sentence::parseLongitudeCardinal(char*, unsigned short, double*)
                0x08014f10                Sentence::parseAutoSelectionMode(char*, unsigned short, double*)
                0x08014f38                Sentence::parseRecWarningStatus(char*, unsigned short, double*)
                0x08014f80                Sentence::parseLengthUnit(char*, unsigned short, double*)
                0x08014f96                Sentence::parseSpeedUnit(char*, unsigned short, double*)
                0x08014fa2                Sentence::parseGpsTimeToNtp(char*, unsigned short, unsigned long long*)
                0x08015028                Sentence::getParammeter(unsigned char const*, char*, unsigned short)
                0x08015062                Sentence::parseProcess(unsigned char const*, unsigned short, Sentence::gpgga_t*)
                0x080151bc                Sentence::parseProcess(unsigned char const*, unsigned short, Sentence::gpgsa_t*)
                0x080153b0                Sentence::parseProcess(unsigned char const*, unsigned short, Sentence::gprmc_t*)
                0x080154d8                Sentence::parseProcess(unsigned char const*, unsigned short, Sentence::gpvtg_t*)
                0x080155b8                Sentence::parseProcess(unsigned char const*, unsigned short, Sentence::gpgsv_t*)
                0x08015674                Sentence::parseProcess(unsigned char const*, unsigned short, Sentence::pslsp_t*)
                0x0801578c                Sentence::parseProcess(unsigned char const*, unsigned short, Sentence::pslsv_t*)
                0x080158a4                Sentence::parseProcess(unsigned char const*, unsigned short, Sentence::pslss_t*)
                0x080159ac                Sentence::parser(unsigned char const*, unsigned short, Sentence::sentenceData_t*)
 .text          0x08015d74      0x128 ./fcapplication/stm32h7xx_hal_spi_ex.o
                0x08015d74                HAL_SPIEx_FlushRxFifo
                0x08015dc4                HAL_SPIEx_EnableLockConfiguration
                0x08015e20                HAL_SPIEx_ConfigureUnderrun
 .text          0x08015e9c      0xd3c ./fcapplication/stm32h7xx_hal_qspi.o
                0x080160de                HAL_QSPI_Init
                0x080161c2                HAL_QSPI_DeInit
                0x080161fa                HAL_QSPI_Command
                0x08016280                HAL_QSPI_Command_IT
                0x08016302                HAL_QSPI_Transmit
                0x080163b2                HAL_QSPI_Receive
                0x0801646e                HAL_QSPI_Transmit_IT
                0x080164da                HAL_QSPI_Receive_IT
                0x0801654e                HAL_QSPI_Transmit_DMA
                0x080165f4                HAL_QSPI_Receive_DMA
                0x080166a4                HAL_QSPI_AutoPolling
                0x08016744                HAL_QSPI_AutoPolling_IT
                0x080167e0                HAL_QSPI_MemoryMapped
                0x080168ac                HAL_QSPI_IRQHandler
                0x08016a74                HAL_QSPI_GetState
                0x08016a7a                HAL_QSPI_GetError
                0x08016a7e                HAL_QSPI_Abort
                0x08016afa                HAL_QSPI_Abort_IT
                0x08016b6e                HAL_QSPI_SetTimeout
                0x08016b72                HAL_QSPI_SetFifoThreshold
                0x08016bbc                HAL_QSPI_GetFifoThreshold
 .text          0x08016bd8      0x61c ./fcapplication/stm32h7xx_hal_flash.o
                0x08016d24                HAL_FLASH_Program_IT
                0x08016da8                HAL_FLASH_IRQHandler
                0x08016f8c                HAL_FLASH_Unlock
                0x08016fc0                HAL_FLASH_Lock
                0x08016fe0                HAL_FLASH_OB_Unlock
                0x08017004                HAL_FLASH_OB_Lock
                0x08017018                HAL_FLASH_GetError
                0x08017024                FLASH_WaitForLastOperation
                0x080170d4                HAL_FLASH_Program
                0x08017194                FLASH_OB_WaitForLastOperation
                0x080171dc                HAL_FLASH_OB_Launch
 .text          0x080171f4      0x3bc ./fcapplication/stm32h7xx_ll_fmc.o
                0x080171f4                FMC_NORSRAM_Init
                0x0801728c                FMC_NORSRAM_DeInit
                0x080172be                FMC_NORSRAM_Timing_Init
                0x0801730c                FMC_NORSRAM_Extended_Timing_Init
                0x08017348                FMC_NORSRAM_WriteOperation_Enable
                0x08017358                FMC_NORSRAM_WriteOperation_Disable
                0x08017368                FMC_NAND_Init
                0x08017398                FMC_NAND_CommonSpace_Timing_Init
                0x080173b4                FMC_NAND_AttributeSpace_Timing_Init
                0x080173d0                FMC_NAND_DeInit
                0x080173ec                FMC_NAND_ECC_Enable
                0x080173f8                FMC_NAND_ECC_Disable
                0x08017404                FMC_NAND_GetECC
                0x08017436                FMC_SDRAM_Init
                0x080174a0                FMC_SDRAM_Timing_Init
                0x08017526                FMC_SDRAM_DeInit
                0x08017544                FMC_SDRAM_WriteProtection_Enable
                0x08017554                FMC_SDRAM_WriteProtection_Disable
                0x08017564                FMC_SDRAM_SendCommand
                0x0801758a                FMC_SDRAM_ProgramRefreshRate
                0x08017596                FMC_SDRAM_SetAutoRefreshNumber
                0x080175a2                FMC_SDRAM_GetModeStatus
 .text          0x080175b0      0x484 ./fcapplication/stm32h7xx_hal.o
                0x080175b2                HAL_MspDeInit
                0x080175b4                HAL_DeInit
                0x08017614                HAL_InitTick
                0x08017640                HAL_Init
                0x08017656                HAL_IncTick
                0x08017664                HAL_GetTick
                0x08017670                HAL_Delay
                0x0801768a                HAL_SuspendTick
                0x0801769c                HAL_ResumeTick
                0x080176ac                HAL_GetHalVersion
                0x080176b2                HAL_GetREVID
                0x080176c0                HAL_GetDEVID
                0x080176d0                HAL_GetUIDw0
                0x080176dc                HAL_GetUIDw1
                0x080176e8                HAL_GetUIDw2
                0x080176f4                HAL_SYSCFG_VREFBUF_VoltageScalingConfig
                0x08017708                HAL_SYSCFG_VREFBUF_HighImpedanceConfig
                0x0801771c                HAL_SYSCFG_VREFBUF_TrimmingConfig
                0x08017730                HAL_SYSCFG_EnableVREFBUF
                0x08017760                HAL_SYSCFG_DisableVREFBUF
                0x08017770                HAL_SYSCFG_ETHInterfaceSelect
                0x08017784                HAL_SYSCFG_AnalogSwitchConfig
                0x08017798                HAL_SYSCFG_EnableBOOST
                0x080177a8                HAL_SYSCFG_DisableBOOST
                0x080177b8                HAL_SYSCFG_CM7BootAddConfig
                0x080177f0                HAL_EnableCompensationCell
                0x08017800                HAL_DisableCompensationCell
                0x08017810                HAL_SYSCFG_EnableIOSpeedOptimize
                0x08017820                HAL_SYSCFG_DisableIOSpeedOptimize
                0x08017830                HAL_SYSCFG_CompensationCodeSelect
                0x08017844                HAL_SYSCFG_CompensationCodeConfig
                0x0801785c                HAL_DBGMCU_EnableDBGSleepMode
                0x0801786c                HAL_DBGMCU_DisableDBGSleepMode
                0x0801787c                HAL_DBGMCU_EnableDBGStopMode
                0x0801788c                HAL_DBGMCU_DisableDBGStopMode
                0x0801789c                HAL_DBGMCU_EnableDBGStandbyMode
                0x080178ac                HAL_DBGMCU_DisableDBGStandbyMode
                0x080178bc                HAL_EnableDomain3DBGStopMode
                0x080178cc                HAL_DisableDomain3DBGStopMode
                0x080178dc                HAL_EnableDomain3DBGStandbyMode
                0x080178ec                HAL_DisableDomain3DBGStandbyMode
                0x080178fc                HAL_SetFMCMemorySwappingConfig
                0x08017910                HAL_GetFMCMemorySwappingConfig
                0x08017920                HAL_EXTI_EdgeConfig
                0x0801795a                HAL_EXTI_GenerateSWInterrupt
                0x08017974                HAL_EXTI_D1_ClearFlag
                0x08017992                HAL_EXTI_D1_EventInputConfig
                0x080179e4                HAL_EXTI_D3_EventInputConfig
 .text          0x08017a34      0xa18 ./fcapplication/stm32h7xx_hal_mdma.o
                0x08017aa4                HAL_MDMA_Init
                0x08017bac                HAL_MDMA_DeInit
                0x08017bf8                HAL_MDMA_ConfigPostRequestMask
                0x08017c4e                HAL_MDMA_RegisterCallback
                0x08017c9c                HAL_MDMA_UnRegisterCallback
                0x08017d04                HAL_MDMA_LinkedList_CreateNode
                0x08017e1c                HAL_MDMA_LinkedList_AddNode
                0x08017eea                HAL_MDMA_LinkedList_RemoveNode
                0x08017fa2                HAL_MDMA_LinkedList_EnableCircularMode
                0x08017fec                HAL_MDMA_LinkedList_DisableCircularMode
                0x08018038                HAL_MDMA_Start
                0x0801809c                HAL_MDMA_Start_IT
                0x08018130                HAL_MDMA_Abort
                0x080181a0                HAL_MDMA_Abort_IT
                0x080181c6                HAL_MDMA_PollForTransfer
                0x080182a2                HAL_MDMA_GenerateSWRequest
                0x080182d4                HAL_MDMA_IRQHandler
                0x08018440                HAL_MDMA_GetState
                0x08018446                HAL_MDMA_GetError
 .text          0x0801844c     0x21d4 ./fcapplication/stm32h7xx_hal_i2c.o
                0x08018886                HAL_I2C_Init
                0x0801892a                HAL_I2C_DeInit
                0x0801895c                HAL_I2C_Master_Transmit
                0x08018a92                HAL_I2C_Master_Receive
                0x08018bc8                HAL_I2C_Slave_Transmit
                0x08018d04                HAL_I2C_Slave_Receive
                0x08018e3e                HAL_I2C_Master_Transmit_IT
                0x08018ec4                HAL_I2C_Master_Receive_IT
                0x08018f4c                HAL_I2C_Slave_Transmit_IT
                0x08018fa4                HAL_I2C_Slave_Receive_IT
                0x08018ffc                HAL_I2C_Master_Transmit_DMA
                0x080190f0                HAL_I2C_Master_Receive_DMA
                0x080191e4                HAL_I2C_Slave_Transmit_DMA
                0x0801927c                HAL_I2C_Slave_Receive_DMA
                0x08019318                HAL_I2C_Mem_Write
                0x08019488                HAL_I2C_Mem_Read
                0x08019604                HAL_I2C_Mem_Write_IT
                0x080196d8                HAL_I2C_Mem_Read_IT
                0x080197b0                HAL_I2C_Mem_Write_DMA
                0x080198b8                HAL_I2C_Mem_Read_DMA
                0x080199c4                HAL_I2C_IsDeviceReady
                0x08019ad2                HAL_I2C_Master_Sequential_Transmit_IT
                0x08019b54                HAL_I2C_Master_Sequential_Receive_IT
                0x08019bd8                HAL_I2C_Slave_Sequential_Transmit_IT
                0x08019c70                HAL_I2C_Slave_Sequential_Receive_IT
                0x08019d04                HAL_I2C_EnableListen_IT
                0x08019d2c                HAL_I2C_DisableListen_IT
                0x08019d62                HAL_I2C_Master_Abort_IT
                0x08019dc2                HAL_I2C_EV_IRQHandler
                0x08019e1e                HAL_I2C_SlaveTxCpltCallback
                0x08019e20                HAL_I2C_SlaveRxCpltCallback
                0x08019e74                HAL_I2C_AddrCallback
                0x08019e76                HAL_I2C_ListenCpltCallback
                0x08019ed8                HAL_I2C_MemTxCpltCallback
                0x08019eda                HAL_I2C_MemRxCpltCallback
                0x08019ede                HAL_I2C_AbortCpltCallback
                0x0801a57c                HAL_I2C_ER_IRQHandler
                0x0801a60e                HAL_I2C_GetState
                0x0801a614                HAL_I2C_GetMode
                0x0801a61a                HAL_I2C_GetError
 .text          0x0801a620      0xb38 ./fcapplication/stm32h7xx_hal_dma.o
                0x0801a6c4                HAL_DMA_Init
                0x0801a914                HAL_DMA_DeInit
                0x0801a9c0                HAL_DMA_Start
                0x0801aa0e                HAL_DMA_Start_IT
                0x0801aac0                HAL_DMA_Abort
                0x0801ab9c                HAL_DMA_Abort_IT
                0x0801ac34                HAL_DMA_PollForTransfer
                0x0801ae28                HAL_DMA_IRQHandler
                0x0801b098                HAL_DMA_RegisterCallback
                0x0801b0e6                HAL_DMA_UnRegisterCallback
                0x0801b14e                HAL_DMA_GetState
                0x0801b154                HAL_DMA_GetError
 .text          0x0801b158      0x1ec ./fcapplication/stm32h7xx_hal_pwr.o
                0x0801b158                HAL_PWR_DeInit
                0x0801b15a                HAL_PWR_EnableBkUpAccess
                0x0801b16c                HAL_PWR_DisableBkUpAccess
                0x0801b17c                HAL_PWR_ConfigPVD
                0x0801b1f4                HAL_PWR_EnablePVD
                0x0801b204                HAL_PWR_DisablePVD
                0x0801b214                HAL_PWR_EnableWakeUpPin
                0x0801b22c                HAL_PWR_DisableWakeUpPin
                0x0801b23c                HAL_PWR_EnterSLEEPMode
                0x0801b25c                HAL_PWR_EnterSTOPMode
                0x0801b2b4                HAL_PWR_EnterSTANDBYMode
                0x0801b2e4                HAL_PWR_EnableSleepOnExit
                0x0801b2f4                HAL_PWR_DisableSleepOnExit
                0x0801b304                HAL_PWR_EnableSEVOnPend
                0x0801b314                HAL_PWR_DisableSEVOnPend
                0x0801b324                HAL_PWR_PVDCallback
                0x0801b326                HAL_PWR_PVD_IRQHandler
 .text          0x0801b344      0x284 ./fcapplication/stm32h7xx_hal_cortex.o
                0x0801b344                HAL_NVIC_SetPriorityGrouping
                0x0801b368                HAL_NVIC_SetPriority
                0x0801b3cc                HAL_NVIC_EnableIRQ
                0x0801b3e8                HAL_NVIC_DisableIRQ
                0x0801b410                HAL_NVIC_SystemReset
                0x0801b434                HAL_SYSTICK_Config
                0x0801b460                HAL_MPU_ConfigRegion
                0x0801b4b0                HAL_NVIC_GetPriorityGrouping
                0x0801b4c0                HAL_NVIC_GetPriority
                0x0801b518                HAL_NVIC_SetPendingIRQ
                0x0801b538                HAL_NVIC_GetPendingIRQ
                0x0801b55c                HAL_NVIC_ClearPendingIRQ
                0x0801b57c                HAL_NVIC_GetActive
                0x0801b5a0                HAL_SYSTICK_CLKSourceConfig
                0x0801b5ba                HAL_SYSTICK_IRQHandler
                0x0801b5c2                HAL_GetCurrentCPUID
 .text          0x0801b5c8     0x1768 ./fcapplication/stm32h7xx_hal_spi.o
                0x0801b848                HAL_SPI_Init
                0x0801b95e                HAL_SPI_DeInit
                0x0801b98c                HAL_SPI_Transmit
                0x0801bbbe                HAL_SPI_TransmitReceive
                0x0801beea                HAL_SPI_Receive
                0x0801c106                HAL_SPI_Transmit_IT
                0x0801c1c4                HAL_SPI_TransmitReceive_IT
                0x0801c2a8                HAL_SPI_Receive_IT
                0x0801c380                HAL_SPI_Transmit_DMA
                0x0801c4d4                HAL_SPI_TransmitReceive_DMA
                0x0801c6a0                HAL_SPI_Receive_DMA
                0x0801c814                HAL_SPI_Abort
                0x0801c8e8                HAL_SPI_DMAPause
                0x0801c8f8                HAL_SPI_DMAResume
                0x0801c908                HAL_SPI_DMAStop
                0x0801c996                HAL_SPI_TxHalfCpltCallback
                0x0801c9a2                HAL_SPI_RxHalfCpltCallback
                0x0801c9ae                HAL_SPI_TxRxHalfCpltCallback
                0x0801c9e6                HAL_SPI_IRQHandler
                0x0801cbf6                HAL_SPI_AbortCpltCallback
                0x0801cbf8                HAL_SPI_Abort_IT
                0x0801cd24                HAL_SPI_GetState
                0x0801cd2a                HAL_SPI_GetError
 .text          0x0801cd30      0x374 ./fcapplication/stm32h7xx_hal_gpio.o
                0x0801cd30                HAL_GPIO_Init
                0x0801cf04                HAL_GPIO_DeInit
                0x0801d044                HAL_GPIO_ReadPin
                0x0801d050                HAL_GPIO_WritePin
                0x0801d05a                HAL_GPIO_TogglePin
                0x0801d062                HAL_GPIO_LockPin
                0x0801d08c                HAL_GPIO_EXTI_Callback
                0x0801d08e                HAL_GPIO_EXTI_IRQHandler
 .text          0x0801d0a4     0x1c18 ./fcapplication/stm32h7xx_hal_fdcan.o
                0x0801d122                HAL_FDCAN_Init
                0x0801d4d0                HAL_FDCAN_EnterPowerDownMode
                0x0801d510                HAL_FDCAN_ExitPowerDownMode
                0x0801d55a                HAL_FDCAN_ConfigClockCalibration
                0x0801d5dc                HAL_FDCAN_GetClockCalibrationState
                0x0801d5ec                HAL_FDCAN_ResetClockCalibrationState
                0x0801d600                HAL_FDCAN_GetClockCalibrationCounter
                0x0801d624                HAL_FDCAN_ConfigFilter
                0x0801d6a2                HAL_FDCAN_ConfigGlobalFilter
                0x0801d6d6                HAL_FDCAN_ConfigExtendedIdMask
                0x0801d6f8                HAL_FDCAN_ConfigRxFifoOverwrite
                0x0801d738                HAL_FDCAN_ConfigFifoWatermark
                0x0801d78c                HAL_FDCAN_ConfigRamWatchdog
                0x0801d7b4                HAL_FDCAN_ConfigTimestampCounter
                0x0801d7dc                HAL_FDCAN_EnableTimestampCounter
                0x0801d804                HAL_FDCAN_DisableTimestampCounter
                0x0801d82a                HAL_FDCAN_GetTimestampCounter
                0x0801d832                HAL_FDCAN_ResetTimestampCounter
                0x0801d854                HAL_FDCAN_ConfigTimeoutCounter
                0x0801d882                HAL_FDCAN_EnableTimeoutCounter
                0x0801d8a8                HAL_FDCAN_DisableTimeoutCounter
                0x0801d8ce                HAL_FDCAN_GetTimeoutCounter
                0x0801d8d6                HAL_FDCAN_ResetTimeoutCounter
                0x0801d8f6                HAL_FDCAN_ConfigTxDelayCompensation
                0x0801d91a                HAL_FDCAN_EnableTxDelayCompensation
                0x0801d940                HAL_FDCAN_DisableTxDelayCompensation
                0x0801d966                HAL_FDCAN_Start
                0x0801d998                HAL_FDCAN_Stop
                0x0801d9ec                HAL_FDCAN_DeInit
                0x0801da0c                HAL_FDCAN_AddMessageToTxFifoQ
                0x0801da64                HAL_FDCAN_AddMessageToTxBuffer
                0x0801dac8                HAL_FDCAN_EnableTxBufferRequest
                0x0801daea                HAL_FDCAN_AbortTxRequest
                0x0801db0c                HAL_FDCAN_GetRxMessage
                0x0801dc4c                HAL_FDCAN_GetTxEvent
                0x0801dcfc                HAL_FDCAN_GetHighPriorityMessageStatus
                0x0801dd2a                HAL_FDCAN_GetProtocolStatus
                0x0801dd74                HAL_FDCAN_GetErrorCounters
                0x0801dd94                HAL_FDCAN_IsRxBufferMessageAvailable
                0x0801ddca                HAL_FDCAN_IsTxBufferMessagePending
                0x0801ddda                HAL_FDCAN_GetRxFifoFillLevel
                0x0801ddf0                HAL_FDCAN_GetTxFifoFreeLevel
                0x0801ddfc                HAL_FDCAN_IsRestrictedOperationMode
                0x0801de06                HAL_FDCAN_ExitRestrictedOperationMode
                0x0801de34                HAL_FDCAN_TT_ConfigOperation
                0x0801dfdc                HAL_FDCAN_TT_ConfigReferenceMessage
                0x0801e028                HAL_FDCAN_TT_ConfigTrigger
                0x0801e09a                HAL_FDCAN_TT_SetGlobalTime
                0x0801e114                HAL_FDCAN_TT_SetClockSynchronization
                0x0801e192                HAL_FDCAN_TT_ConfigStopWatch
                0x0801e1e8                HAL_FDCAN_TT_ConfigRegisterTimeMark
                0x0801e272                HAL_FDCAN_TT_EnableRegisterTimeMarkPulse
                0x0801e2c2                HAL_FDCAN_TT_DisableRegisterTimeMarkPulse
                0x0801e312                HAL_FDCAN_TT_EnableTriggerTimeMarkPulse
                0x0801e376                HAL_FDCAN_TT_DisableTriggerTimeMarkPulse
                0x0801e3da                HAL_FDCAN_TT_EnableHardwareGapControl
                0x0801e43e                HAL_FDCAN_TT_DisableHardwareGapControl
                0x0801e4a2                HAL_FDCAN_TT_EnableTimeMarkGapControl
                0x0801e506                HAL_FDCAN_TT_DisableTimeMarkGapControl
                0x0801e56a                HAL_FDCAN_TT_SetNextIsGap
                0x0801e5d4                HAL_FDCAN_TT_SetEndOfGap
                0x0801e63e                HAL_FDCAN_TT_ConfigExternalSyncPhase
                0x0801e682                HAL_FDCAN_TT_EnableExternalSynchronization
                0x0801e6d2                HAL_FDCAN_TT_DisableExternalSynchronization
                0x0801e722                HAL_FDCAN_TT_GetOperationStatus
                0x0801e77c                HAL_FDCAN_ConfigInterruptLines
                0x0801e7b2                HAL_FDCAN_TT_ConfigInterruptLines
                0x0801e7e8                HAL_FDCAN_ActivateNotification
                0x0801e868                HAL_FDCAN_DeactivateNotification
                0x0801e8ac                HAL_FDCAN_TT_ActivateNotification
                0x0801e8fe                HAL_FDCAN_TT_DeactivateNotification
                0x0801e92c                HAL_FDCAN_ClockCalibrationCallback
                0x0801e92e                HAL_FDCAN_TxEventFifoCallback
                0x0801e934                HAL_FDCAN_TxFifoEmptyCallback
                0x0801e938                HAL_FDCAN_TxBufferAbortCallback
                0x0801e93a                HAL_FDCAN_RxBufferNewMessageCallback
                0x0801e93c                HAL_FDCAN_TimestampWraparoundCallback
                0x0801e93e                HAL_FDCAN_TimeoutOccurredCallback
                0x0801e940                HAL_FDCAN_HighPriorityMessageCallback
                0x0801e944                HAL_FDCAN_TT_ScheduleSyncCallback
                0x0801e946                HAL_FDCAN_TT_TimeMarkCallback
                0x0801e948                HAL_FDCAN_TT_StopWatchCallback
                0x0801e94a                HAL_FDCAN_TT_GlobalTimeCallback
                0x0801e94c                HAL_FDCAN_IRQHandler
                0x0801ecb0                HAL_FDCAN_GetState
                0x0801ecb6                HAL_FDCAN_GetError
 .text          0x0801ecbc      0x824 ./fcapplication/stm32h7xx_hal_flash_ex.o
                0x0801ed10                HAL_FLASHEx_OBProgram
                0x0801f160                HAL_FLASHEx_OBGetConfig
                0x0801f24c                HAL_FLASHEx_Unlock_Bank1